// Jest Snapshot v1, https://goo.gl/fbAQLP

exports[`SpeciesSelect matches snapshot 1`] = `
<div>
  <label>
    Species
  </label>
  <select
    onChange={[Function]}
    value=""
  >
    <option
      value=""
    >
      Any
    </option>
    <option
      value="Meeseek"
    >
      Meeseek
    </option>
    <option
      disabled="true"
      value="-"
    >
      ━━━━━━━━━━━━
    </option>
    <option
      value="Zigerion"
    >
      Zigerion
    </option>
    <option
      value="Cromulon"
    >
      Cromulon
    </option>
    <option
      value="Meeseek"
    >
      Meeseek
    </option>
    <option
      value="Gromflomite"
    >
      Gromflomite
    </option>
  </select>
</div>
`;
